[2026-05-21 14:28:22] [WARNING] This is a warning message.
[2026-05-21 14:28:22] [ERROR] This is an error message.
[2026-05-21 14:28:22] [CRITICAL] This is a critical message.
[2026-05-21 15:13:45] [WARNING] This is a warning message.
[2026-05-21 15:13:45] [ERROR] This is an error message.
[2026-05-21 15:13:45] [CRITICAL] This is a critical message.
